<?xml version="1.0" encoding="ISO-8859-1" ?>
<link_info>
   <banner>MSP430 Linker PC v18.1.4.LTS</banner>
   <copyright>Copyright (c) 2003-2018 Texas Instruments Incorporated</copyright>
   <link_time>0x5df5e1b1</link_time>
   <link_errors>0x0</link_errors>
   <output_file>Gobi_design_1.out</output_file>
   <entry_point>
      <name>_c_int00_noargs</name>
      <address>0x3100</address>
   </entry_point>
   <input_file_list>
      <input_file id="fl-2">
         <path>.\</path>
         <kind>object</kind>
         <file>main.obj</file>
         <name>main.obj</name>
      </input_file>
      <input_file id="fl-3">
         <path>.\</path>
         <kind>object</kind>
         <file>time.obj</file>
         <name>time.obj</name>
      </input_file>
      <input_file id="fl-8">
         <kind>object</kind>
         <file>&lt;internal&gt;</file>
         <name>&lt;internal&gt;</name>
      </input_file>
      <input_file id="fl-1e">
         <path>C:\ti\ccsv8\tools\compiler\ti-cgt-msp430_18.1.4.LTS\lib\</path>
         <kind>archive</kind>
         <file>rts430x_lc_rd_eabi.lib</file>
         <name>div16s.asm.obj</name>
      </input_file>
      <input_file id="fl-1f">
         <path>C:\ti\ccsv8\tools\compiler\ti-cgt-msp430_18.1.4.LTS\lib\</path>
         <kind>archive</kind>
         <file>rts430x_lc_rd_eabi.lib</file>
         <name>div16u.asm.obj</name>
      </input_file>
      <input_file id="fl-20">
         <path>C:\ti\ccsv8\tools\compiler\ti-cgt-msp430_18.1.4.LTS\lib\</path>
         <kind>archive</kind>
         <file>rts430x_lc_rd_eabi.lib</file>
         <name>div32u.asm.obj</name>
      </input_file>
      <input_file id="fl-21">
         <path>C:\ti\ccsv8\tools\compiler\ti-cgt-msp430_18.1.4.LTS\lib\</path>
         <kind>archive</kind>
         <file>rts430x_lc_rd_eabi.lib</file>
         <name>int00.asm.obj</name>
      </input_file>
      <input_file id="fl-22">
         <path>C:\ti\ccsv8\tools\compiler\ti-cgt-msp430_18.1.4.LTS\lib\</path>
         <kind>archive</kind>
         <file>rts430x_lc_rd_eabi.lib</file>
         <name>int01.asm.obj</name>
      </input_file>
      <input_file id="fl-23">
         <path>C:\ti\ccsv8\tools\compiler\ti-cgt-msp430_18.1.4.LTS\lib\</path>
         <kind>archive</kind>
         <file>rts430x_lc_rd_eabi.lib</file>
         <name>int02.asm.obj</name>
      </input_file>
      <input_file id="fl-24">
         <path>C:\ti\ccsv8\tools\compiler\ti-cgt-msp430_18.1.4.LTS\lib\</path>
         <kind>archive</kind>
         <file>rts430x_lc_rd_eabi.lib</file>
         <name>int03.asm.obj</name>
      </input_file>
      <input_file id="fl-25">
         <path>C:\ti\ccsv8\tools\compiler\ti-cgt-msp430_18.1.4.LTS\lib\</path>
         <kind>archive</kind>
         <file>rts430x_lc_rd_eabi.lib</file>
         <name>int04.asm.obj</name>
      </input_file>
      <input_file id="fl-26">
         <path>C:\ti\ccsv8\tools\compiler\ti-cgt-msp430_18.1.4.LTS\lib\</path>
         <kind>archive</kind>
         <file>rts430x_lc_rd_eabi.lib</file>
         <name>int05.asm.obj</name>
      </input_file>
      <input_file id="fl-27">
         <path>C:\ti\ccsv8\tools\compiler\ti-cgt-msp430_18.1.4.LTS\lib\</path>
         <kind>archive</kind>
         <file>rts430x_lc_rd_eabi.lib</file>
         <name>int06.asm.obj</name>
      </input_file>
      <input_file id="fl-28">
         <path>C:\ti\ccsv8\tools\compiler\ti-cgt-msp430_18.1.4.LTS\lib\</path>
         <kind>archive</kind>
         <file>rts430x_lc_rd_eabi.lib</file>
         <name>int07.asm.obj</name>
      </input_file>
      <input_file id="fl-29">
         <path>C:\ti\ccsv8\tools\compiler\ti-cgt-msp430_18.1.4.LTS\lib\</path>
         <kind>archive</kind>
         <file>rts430x_lc_rd_eabi.lib</file>
         <name>int08.asm.obj</name>
      </input_file>
      <input_file id="fl-2a">
         <path>C:\ti\ccsv8\tools\compiler\ti-cgt-msp430_18.1.4.LTS\lib\</path>
         <kind>archive</kind>
         <file>rts430x_lc_rd_eabi.lib</file>
         <name>int09.asm.obj</name>
      </input_file>
      <input_file id="fl-2b">
         <path>C:\ti\ccsv8\tools\compiler\ti-cgt-msp430_18.1.4.LTS\lib\</path>
         <kind>archive</kind>
         <file>rts430x_lc_rd_eabi.lib</file>
         <name>int10.asm.obj</name>
      </input_file>
      <input_file id="fl-2c">
         <path>C:\ti\ccsv8\tools\compiler\ti-cgt-msp430_18.1.4.LTS\lib\</path>
         <kind>archive</kind>
         <file>rts430x_lc_rd_eabi.lib</file>
         <name>int11.asm.obj</name>
      </input_file>
      <input_file id="fl-2d">
         <path>C:\ti\ccsv8\tools\compiler\ti-cgt-msp430_18.1.4.LTS\lib\</path>
         <kind>archive</kind>
         <file>rts430x_lc_rd_eabi.lib</file>
         <name>int12.asm.obj</name>
      </input_file>
      <input_file id="fl-2e">
         <path>C:\ti\ccsv8\tools\compiler\ti-cgt-msp430_18.1.4.LTS\lib\</path>
         <kind>archive</kind>
         <file>rts430x_lc_rd_eabi.lib</file>
         <name>int13.asm.obj</name>
      </input_file>
      <input_file id="fl-2f">
         <path>C:\ti\ccsv8\tools\compiler\ti-cgt-msp430_18.1.4.LTS\lib\</path>
         <kind>archive</kind>
         <file>rts430x_lc_rd_eabi.lib</file>
         <name>int14.asm.obj</name>
      </input_file>
      <input_file id="fl-30">
         <path>C:\ti\ccsv8\tools\compiler\ti-cgt-msp430_18.1.4.LTS\lib\</path>
         <kind>archive</kind>
         <file>rts430x_lc_rd_eabi.lib</file>
         <name>int15.asm.obj</name>
      </input_file>
      <input_file id="fl-31">
         <path>C:\ti\ccsv8\tools\compiler\ti-cgt-msp430_18.1.4.LTS\lib\</path>
         <kind>archive</kind>
         <file>rts430x_lc_rd_eabi.lib</file>
         <name>int16.asm.obj</name>
      </input_file>
      <input_file id="fl-32">
         <path>C:\ti\ccsv8\tools\compiler\ti-cgt-msp430_18.1.4.LTS\lib\</path>
         <kind>archive</kind>
         <file>rts430x_lc_rd_eabi.lib</file>
         <name>int17.asm.obj</name>
      </input_file>
      <input_file id="fl-33">
         <path>C:\ti\ccsv8\tools\compiler\ti-cgt-msp430_18.1.4.LTS\lib\</path>
         <kind>archive</kind>
         <file>rts430x_lc_rd_eabi.lib</file>
         <name>int18.asm.obj</name>
      </input_file>
      <input_file id="fl-34">
         <path>C:\ti\ccsv8\tools\compiler\ti-cgt-msp430_18.1.4.LTS\lib\</path>
         <kind>archive</kind>
         <file>rts430x_lc_rd_eabi.lib</file>
         <name>int19.asm.obj</name>
      </input_file>
      <input_file id="fl-35">
         <path>C:\ti\ccsv8\tools\compiler\ti-cgt-msp430_18.1.4.LTS\lib\</path>
         <kind>archive</kind>
         <file>rts430x_lc_rd_eabi.lib</file>
         <name>int20.asm.obj</name>
      </input_file>
      <input_file id="fl-36">
         <path>C:\ti\ccsv8\tools\compiler\ti-cgt-msp430_18.1.4.LTS\lib\</path>
         <kind>archive</kind>
         <file>rts430x_lc_rd_eabi.lib</file>
         <name>int21.asm.obj</name>
      </input_file>
      <input_file id="fl-37">
         <path>C:\ti\ccsv8\tools\compiler\ti-cgt-msp430_18.1.4.LTS\lib\</path>
         <kind>archive</kind>
         <file>rts430x_lc_rd_eabi.lib</file>
         <name>int22.asm.obj</name>
      </input_file>
      <input_file id="fl-38">
         <path>C:\ti\ccsv8\tools\compiler\ti-cgt-msp430_18.1.4.LTS\lib\</path>
         <kind>archive</kind>
         <file>rts430x_lc_rd_eabi.lib</file>
         <name>int23.asm.obj</name>
      </input_file>
      <input_file id="fl-39">
         <path>C:\ti\ccsv8\tools\compiler\ti-cgt-msp430_18.1.4.LTS\lib\</path>
         <kind>archive</kind>
         <file>rts430x_lc_rd_eabi.lib</file>
         <name>int24.asm.obj</name>
      </input_file>
      <input_file id="fl-3a">
         <path>C:\ti\ccsv8\tools\compiler\ti-cgt-msp430_18.1.4.LTS\lib\</path>
         <kind>archive</kind>
         <file>rts430x_lc_rd_eabi.lib</file>
         <name>int25.asm.obj</name>
      </input_file>
      <input_file id="fl-3b">
         <path>C:\ti\ccsv8\tools\compiler\ti-cgt-msp430_18.1.4.LTS\lib\</path>
         <kind>archive</kind>
         <file>rts430x_lc_rd_eabi.lib</file>
         <name>int26.asm.obj</name>
      </input_file>
      <input_file id="fl-3c">
         <path>C:\ti\ccsv8\tools\compiler\ti-cgt-msp430_18.1.4.LTS\lib\</path>
         <kind>archive</kind>
         <file>rts430x_lc_rd_eabi.lib</file>
         <name>int27.asm.obj</name>
      </input_file>
      <input_file id="fl-3d">
         <path>C:\ti\ccsv8\tools\compiler\ti-cgt-msp430_18.1.4.LTS\lib\</path>
         <kind>archive</kind>
         <file>rts430x_lc_rd_eabi.lib</file>
         <name>int28.asm.obj</name>
      </input_file>
      <input_file id="fl-3e">
         <path>C:\ti\ccsv8\tools\compiler\ti-cgt-msp430_18.1.4.LTS\lib\</path>
         <kind>archive</kind>
         <file>rts430x_lc_rd_eabi.lib</file>
         <name>int29.asm.obj</name>
      </input_file>
      <input_file id="fl-3f">
         <path>C:\ti\ccsv8\tools\compiler\ti-cgt-msp430_18.1.4.LTS\lib\</path>
         <kind>archive</kind>
         <file>rts430x_lc_rd_eabi.lib</file>
         <name>int30.asm.obj</name>
      </input_file>
      <input_file id="fl-40">
         <path>C:\ti\ccsv8\tools\compiler\ti-cgt-msp430_18.1.4.LTS\lib\</path>
         <kind>archive</kind>
         <file>rts430x_lc_rd_eabi.lib</file>
         <name>isr_trap.asm.obj</name>
      </input_file>
      <input_file id="fl-41">
         <path>C:\ti\ccsv8\tools\compiler\ti-cgt-msp430_18.1.4.LTS\lib\</path>
         <kind>archive</kind>
         <file>rts430x_lc_rd_eabi.lib</file>
         <name>mult16.asm.obj</name>
      </input_file>
      <input_file id="fl-42">
         <path>C:\ti\ccsv8\tools\compiler\ti-cgt-msp430_18.1.4.LTS\lib\</path>
         <kind>archive</kind>
         <file>rts430x_lc_rd_eabi.lib</file>
         <name>mult16_hw.asm.obj</name>
      </input_file>
      <input_file id="fl-43">
         <path>C:\ti\ccsv8\tools\compiler\ti-cgt-msp430_18.1.4.LTS\lib\</path>
         <kind>archive</kind>
         <file>rts430x_lc_rd_eabi.lib</file>
         <name>mult1632_hw.asm.obj</name>
      </input_file>
      <input_file id="fl-44">
         <path>C:\ti\ccsv8\tools\compiler\ti-cgt-msp430_18.1.4.LTS\lib\</path>
         <kind>archive</kind>
         <file>rts430x_lc_rd_eabi.lib</file>
         <name>mult32.asm.obj</name>
      </input_file>
      <input_file id="fl-45">
         <path>C:\ti\ccsv8\tools\compiler\ti-cgt-msp430_18.1.4.LTS\lib\</path>
         <kind>archive</kind>
         <file>rts430x_lc_rd_eabi.lib</file>
         <name>mult32_hw.asm.obj</name>
      </input_file>
      <input_file id="fl-46">
         <path>C:\ti\ccsv8\tools\compiler\ti-cgt-msp430_18.1.4.LTS\lib\</path>
         <kind>archive</kind>
         <file>rts430x_lc_rd_eabi.lib</file>
         <name>mult3264_hw.asm.obj</name>
      </input_file>
      <input_file id="fl-47">
         <path>C:\ti\ccsv8\tools\compiler\ti-cgt-msp430_18.1.4.LTS\lib\</path>
         <kind>archive</kind>
         <file>rts430x_lc_rd_eabi.lib</file>
         <name>mult64.asm.obj</name>
      </input_file>
      <input_file id="fl-48">
         <path>C:\ti\ccsv8\tools\compiler\ti-cgt-msp430_18.1.4.LTS\lib\</path>
         <kind>archive</kind>
         <file>rts430x_lc_rd_eabi.lib</file>
         <name>mult64_hw.asm.obj</name>
      </input_file>
      <input_file id="fl-49">
         <path>C:\ti\ccsv8\tools\compiler\ti-cgt-msp430_18.1.4.LTS\lib\</path>
         <kind>archive</kind>
         <file>rts430x_lc_rd_eabi.lib</file>
         <name>boot.c.obj</name>
      </input_file>
      <input_file id="fl-4a">
         <path>C:\ti\ccsv8\tools\compiler\ti-cgt-msp430_18.1.4.LTS\lib\</path>
         <kind>archive</kind>
         <file>rts430x_lc_rd_eabi.lib</file>
         <name>autoinit.c.obj</name>
      </input_file>
      <input_file id="fl-4b">
         <path>C:\ti\ccsv8\tools\compiler\ti-cgt-msp430_18.1.4.LTS\lib\</path>
         <kind>archive</kind>
         <file>rts430x_lc_rd_eabi.lib</file>
         <name>copy_zero_init.c.obj</name>
      </input_file>
      <input_file id="fl-4c">
         <path>C:\ti\ccsv8\tools\compiler\ti-cgt-msp430_18.1.4.LTS\lib\</path>
         <kind>archive</kind>
         <file>rts430x_lc_rd_eabi.lib</file>
         <name>cpy_tbl.c.obj</name>
      </input_file>
      <input_file id="fl-4d">
         <path>C:\ti\ccsv8\tools\compiler\ti-cgt-msp430_18.1.4.LTS\lib\</path>
         <kind>archive</kind>
         <file>rts430x_lc_rd_eabi.lib</file>
         <name>mpu_init.c.obj</name>
      </input_file>
      <input_file id="fl-4e">
         <path>C:\ti\ccsv8\tools\compiler\ti-cgt-msp430_18.1.4.LTS\lib\</path>
         <kind>archive</kind>
         <file>rts430x_lc_rd_eabi.lib</file>
         <name>lsr64.c.obj</name>
      </input_file>
      <input_file id="fl-4f">
         <path>C:\ti\ccsv8\tools\compiler\ti-cgt-msp430_18.1.4.LTS\lib\</path>
         <kind>archive</kind>
         <file>rts430x_lc_rd_eabi.lib</file>
         <name>rem64s.c.obj</name>
      </input_file>
      <input_file id="fl-50">
         <path>C:\ti\ccsv8\tools\compiler\ti-cgt-msp430_18.1.4.LTS\lib\</path>
         <kind>archive</kind>
         <file>rts430x_lc_rd_eabi.lib</file>
         <name>pre_init.c.obj</name>
      </input_file>
      <input_file id="fl-51">
         <path>C:\ti\ccsv8\tools\compiler\ti-cgt-msp430_18.1.4.LTS\lib\</path>
         <kind>archive</kind>
         <file>rts430x_lc_rd_eabi.lib</file>
         <name>startup.c.obj</name>
      </input_file>
      <input_file id="fl-52">
         <path>C:\ti\ccsv8\tools\compiler\ti-cgt-msp430_18.1.4.LTS\lib\</path>
         <kind>archive</kind>
         <file>rts430x_lc_rd_eabi.lib</file>
         <name>copy_decompress_none.c.obj</name>
      </input_file>
      <input_file id="fl-53">
         <path>C:\ti\ccsv8\tools\compiler\ti-cgt-msp430_18.1.4.LTS\lib\</path>
         <kind>archive</kind>
         <file>rts430x_lc_rd_eabi.lib</file>
         <name>copy_decompress_lzss.c.obj</name>
      </input_file>
      <input_file id="fl-54">
         <path>C:\ti\ccsv8\tools\compiler\ti-cgt-msp430_18.1.4.LTS\lib\</path>
         <kind>archive</kind>
         <file>rts430x_lc_rd_eabi.lib</file>
         <name>exit.c.obj</name>
      </input_file>
      <input_file id="fl-55">
         <path>C:\ti\ccsv8\tools\compiler\ti-cgt-msp430_18.1.4.LTS\lib\</path>
         <kind>archive</kind>
         <file>rts430x_lc_rd_eabi.lib</file>
         <name>_lock.c.obj</name>
      </input_file>
      <input_file id="fl-56">
         <path>C:\ti\ccsv8\tools\compiler\ti-cgt-msp430_18.1.4.LTS\lib\</path>
         <kind>archive</kind>
         <file>rts430x_lc_rd_eabi.lib</file>
         <name>args_main.c.obj</name>
      </input_file>
      <input_file id="fl-57">
         <path>C:\ti\ccsv8\tools\compiler\ti-cgt-msp430_18.1.4.LTS\lib\</path>
         <kind>archive</kind>
         <file>rts430x_lc_rd_eabi.lib</file>
         <name>memcpy.c.obj</name>
      </input_file>
      <input_file id="fl-58">
         <path>C:\ti\ccsv8\tools\compiler\ti-cgt-msp430_18.1.4.LTS\lib\</path>
         <kind>archive</kind>
         <file>rts430x_lc_rd_eabi.lib</file>
         <name>printf.c.obj</name>
      </input_file>
      <input_file id="fl-59">
         <path>C:\ti\ccsv8\tools\compiler\ti-cgt-msp430_18.1.4.LTS\lib\</path>
         <kind>archive</kind>
         <file>rts430x_lc_rd_eabi.lib</file>
         <name>strlen.c.obj</name>
      </input_file>
      <input_file id="fl-5a">
         <path>C:\ti\ccsv8\tools\compiler\ti-cgt-msp430_18.1.4.LTS\lib\</path>
         <kind>archive</kind>
         <file>rts430x_lc_rd_eabi.lib</file>
         <name>mult1632.asm.obj</name>
      </input_file>
      <input_file id="fl-5b">
         <path>C:\ti\ccsv8\tools\compiler\ti-cgt-msp430_18.1.4.LTS\lib\</path>
         <kind>archive</kind>
         <file>rts430x_lc_rd_eabi.lib</file>
         <name>exit_gvars.c.obj</name>
      </input_file>
      <input_file id="fl-5c">
         <path>C:\ti\ccsv8\tools\compiler\ti-cgt-msp430_18.1.4.LTS\lib\</path>
         <kind>archive</kind>
         <file>rts430x_lc_rd_eabi.lib</file>
         <name>div64s.c.obj</name>
      </input_file>
      <input_file id="fl-5d">
         <path>C:\ti\ccsv8\tools\compiler\ti-cgt-msp430_18.1.4.LTS\lib\</path>
         <kind>archive</kind>
         <file>rts430x_lc_rd_eabi.lib</file>
         <name>div64u.c.obj</name>
      </input_file>
      <input_file id="fl-5e">
         <path>C:\ti\ccsv8\tools\compiler\ti-cgt-msp430_18.1.4.LTS\lib\</path>
         <kind>archive</kind>
         <file>rts430x_lc_rd_eabi.lib</file>
         <name>llabs.c.obj</name>
      </input_file>
      <input_file id="fl-5f">
         <path>C:\ti\ccsv8\tools\compiler\ti-cgt-msp430_18.1.4.LTS\lib\</path>
         <kind>archive</kind>
         <file>rts430x_lc_rd_eabi.lib</file>
         <name>_printfi.c.obj</name>
      </input_file>
      <input_file id="fl-60">
         <path>C:\ti\ccsv8\tools\compiler\ti-cgt-msp430_18.1.4.LTS\lib\</path>
         <kind>archive</kind>
         <file>rts430x_lc_rd_eabi.lib</file>
         <name>atoi.c.obj</name>
      </input_file>
      <input_file id="fl-61">
         <path>C:\ti\ccsv8\tools\compiler\ti-cgt-msp430_18.1.4.LTS\lib\</path>
         <kind>archive</kind>
         <file>rts430x_lc_rd_eabi.lib</file>
         <name>ctype.c.obj</name>
      </input_file>
      <input_file id="fl-62">
         <path>C:\ti\ccsv8\tools\compiler\ti-cgt-msp430_18.1.4.LTS\lib\</path>
         <kind>archive</kind>
         <file>rts430x_lc_rd_eabi.lib</file>
         <name>defs.c.obj</name>
      </input_file>
      <input_file id="fl-63">
         <path>C:\ti\ccsv8\tools\compiler\ti-cgt-msp430_18.1.4.LTS\lib\</path>
         <kind>archive</kind>
         <file>rts430x_lc_rd_eabi.lib</file>
         <name>ltoa.c.obj</name>
      </input_file>
      <input_file id="fl-64">
         <path>C:\ti\ccsv8\tools\compiler\ti-cgt-msp430_18.1.4.LTS\lib\</path>
         <kind>archive</kind>
         <file>rts430x_lc_rd_eabi.lib</file>
         <name>memccpy.c.obj</name>
      </input_file>
      <input_file id="fl-65">
         <path>C:\ti\ccsv8\tools\compiler\ti-cgt-msp430_18.1.4.LTS\lib\</path>
         <kind>archive</kind>
         <file>rts430x_lc_rd_eabi.lib</file>
         <name>memset.c.obj</name>
      </input_file>
      <input_file id="fl-66">
         <path>C:\ti\ccsv8\tools\compiler\ti-cgt-msp430_18.1.4.LTS\lib\</path>
         <kind>archive</kind>
         <file>rts430x_lc_rd_eabi.lib</file>
         <name>strchr.c.obj</name>
      </input_file>
      <input_file id="fl-67">
         <path>C:\ti\ccsv8\tools\compiler\ti-cgt-msp430_18.1.4.LTS\lib\</path>
         <kind>archive</kind>
         <file>rts430x_lc_rd_eabi.lib</file>
         <name>toupper.c.obj</name>
      </input_file>
      <input_file id="fl-68">
         <path>C:\ti\ccsv8\tools\compiler\ti-cgt-msp430_18.1.4.LTS\lib\</path>
         <kind>archive</kind>
         <file>rts430x_lc_rd_eabi.lib</file>
         <name>s_frexp.c.obj</name>
      </input_file>
      <input_file id="fl-69">
         <path>C:\ti\ccsv8\tools\compiler\ti-cgt-msp430_18.1.4.LTS\lib\</path>
         <kind>archive</kind>
         <file>rts430x_lc_rd_eabi.lib</file>
         <name>s_scalbn.c.obj</name>
      </input_file>
      <input_file id="fl-6a">
         <path>C:\ti\ccsv8\tools\compiler\ti-cgt-msp430_18.1.4.LTS\lib\</path>
         <kind>archive</kind>
         <file>rts430x_lc_rd_eabi.lib</file>
         <name>s_copysign.c.obj</name>
      </input_file>
      <input_file id="fl-6b">
         <path>C:\ti\ccsv8\tools\compiler\ti-cgt-msp430_18.1.4.LTS\lib\</path>
         <kind>archive</kind>
         <file>rts430x_lc_rd_eabi.lib</file>
         <name>wcslen.c.obj</name>
      </input_file>
      <input_file id="fl-6c">
         <path>C:\ti\ccsv8\tools\compiler\ti-cgt-msp430_18.1.4.LTS\lib\</path>
         <kind>archive</kind>
         <file>rts430x_lc_rd_eabi.lib</file>
         <name>div32s.asm.obj</name>
      </input_file>
      <input_file id="fl-6d">
         <path>C:\ti\ccsv8\tools\compiler\ti-cgt-msp430_18.1.4.LTS\lib\</path>
         <kind>archive</kind>
         <file>rts430x_lc_rd_eabi.lib</file>
         <name>lsr32.asm.obj</name>
      </input_file>
      <input_file id="fl-6e">
         <path>C:\ti\ccsv8\tools\compiler\ti-cgt-msp430_18.1.4.LTS\lib\</path>
         <kind>archive</kind>
         <file>rts430x_lc_rd_eabi.lib</file>
         <name>asr64.c.obj</name>
      </input_file>
      <input_file id="fl-6f">
         <path>C:\ti\ccsv8\tools\compiler\ti-cgt-msp430_18.1.4.LTS\lib\</path>
         <kind>archive</kind>
         <file>rts430x_lc_rd_eabi.lib</file>
         <name>lsl64.c.obj</name>
      </input_file>
      <input_file id="fl-70">
         <path>C:\ti\ccsv8\tools\compiler\ti-cgt-msp430_18.1.4.LTS\lib\</path>
         <kind>archive</kind>
         <file>rts430x_lc_rd_eabi.lib</file>
         <name>addd.c.obj</name>
      </input_file>
      <input_file id="fl-71">
         <path>C:\ti\ccsv8\tools\compiler\ti-cgt-msp430_18.1.4.LTS\lib\</path>
         <kind>archive</kind>
         <file>rts430x_lc_rd_eabi.lib</file>
         <name>cmpd.c.obj</name>
      </input_file>
      <input_file id="fl-72">
         <path>C:\ti\ccsv8\tools\compiler\ti-cgt-msp430_18.1.4.LTS\lib\</path>
         <kind>archive</kind>
         <file>rts430x_lc_rd_eabi.lib</file>
         <name>divd.c.obj</name>
      </input_file>
      <input_file id="fl-73">
         <path>C:\ti\ccsv8\tools\compiler\ti-cgt-msp430_18.1.4.LTS\lib\</path>
         <kind>archive</kind>
         <file>rts430x_lc_rd_eabi.lib</file>
         <name>fixdi.c.obj</name>
      </input_file>
      <input_file id="fl-74">
         <path>C:\ti\ccsv8\tools\compiler\ti-cgt-msp430_18.1.4.LTS\lib\</path>
         <kind>archive</kind>
         <file>rts430x_lc_rd_eabi.lib</file>
         <name>fixdli.c.obj</name>
      </input_file>
      <input_file id="fl-75">
         <path>C:\ti\ccsv8\tools\compiler\ti-cgt-msp430_18.1.4.LTS\lib\</path>
         <kind>archive</kind>
         <file>rts430x_lc_rd_eabi.lib</file>
         <name>fltid.c.obj</name>
      </input_file>
      <input_file id="fl-76">
         <path>C:\ti\ccsv8\tools\compiler\ti-cgt-msp430_18.1.4.LTS\lib\</path>
         <kind>archive</kind>
         <file>rts430x_lc_rd_eabi.lib</file>
         <name>fltlid.c.obj</name>
      </input_file>
      <input_file id="fl-77">
         <path>C:\ti\ccsv8\tools\compiler\ti-cgt-msp430_18.1.4.LTS\lib\</path>
         <kind>archive</kind>
         <file>rts430x_lc_rd_eabi.lib</file>
         <name>frcaddd.c.obj</name>
      </input_file>
      <input_file id="fl-78">
         <path>C:\ti\ccsv8\tools\compiler\ti-cgt-msp430_18.1.4.LTS\lib\</path>
         <kind>archive</kind>
         <file>rts430x_lc_rd_eabi.lib</file>
         <name>frcdivd.c.obj</name>
      </input_file>
      <input_file id="fl-79">
         <path>C:\ti\ccsv8\tools\compiler\ti-cgt-msp430_18.1.4.LTS\lib\</path>
         <kind>archive</kind>
         <file>rts430x_lc_rd_eabi.lib</file>
         <name>mpyd.c.obj</name>
      </input_file>
      <input_file id="fl-7a">
         <path>C:\ti\ccsv8\tools\compiler\ti-cgt-msp430_18.1.4.LTS\lib\</path>
         <kind>archive</kind>
         <file>rts430x_lc_rd_eabi.lib</file>
         <name>negd.c.obj</name>
      </input_file>
      <input_file id="fl-7b">
         <path>C:\ti\ccsv8\tools\compiler\ti-cgt-msp430_18.1.4.LTS\lib\</path>
         <kind>archive</kind>
         <file>rts430x_lc_rd_eabi.lib</file>
         <name>renormd.c.obj</name>
      </input_file>
      <input_file id="fl-7c">
         <path>C:\ti\ccsv8\tools\compiler\ti-cgt-msp430_18.1.4.LTS\lib\</path>
         <kind>archive</kind>
         <file>rts430x_lc_rd_eabi.lib</file>
         <name>subd.c.obj</name>
      </input_file>
      <input_file id="fl-7d">
         <path>C:\ti\ccsv8\tools\compiler\ti-cgt-msp430_18.1.4.LTS\lib\</path>
         <kind>archive</kind>
         <file>rts430x_lc_rd_eabi.lib</file>
         <name>abs.c.obj</name>
      </input_file>
      <input_file id="fl-7e">
         <path>C:\ti\ccsv8\tools\compiler\ti-cgt-msp430_18.1.4.LTS\lib\</path>
         <kind>archive</kind>
         <file>rts430x_lc_rd_eabi.lib</file>
         <name>errno.c.obj</name>
      </input_file>
      <input_file id="fl-7f">
         <path>C:\ti\ccsv8\tools\compiler\ti-cgt-msp430_18.1.4.LTS\lib\</path>
         <kind>archive</kind>
         <file>rts430x_lc_rd_eabi.lib</file>
         <name>asr32.asm.obj</name>
      </input_file>
      <input_file id="fl-80">
         <path>C:\ti\ccsv8\tools\compiler\ti-cgt-msp430_18.1.4.LTS\lib\</path>
         <kind>archive</kind>
         <file>rts430x_lc_rd_eabi.lib</file>
         <name>lsl32.asm.obj</name>
      </input_file>
      <input_file id="fl-81">
         <path>C:\ti\ccsv8\tools\compiler\ti-cgt-msp430_18.1.4.LTS\lib\</path>
         <kind>archive</kind>
         <file>rts430x_lc_rd_eabi.lib</file>
         <name>frcmpyd.c.obj</name>
      </input_file>
   </input_file_list>
   <object_component_list>
      <object_component id="oc-236">
         <name>.common:buffer0</name>
         <uninitialized>true</uninitialized>
         <run_address>0x1100</run_address>
         <size>0xa00</size>
      </object_component>
      <object_component id="oc-286">
         <name>.common:buffer1</name>
         <uninitialized>true</uninitialized>
         <run_address>0x1b00</run_address>
         <size>0xa00</size>
      </object_component>
      <object_component id="oc-28a">
         <name>.common:buffer2</name>
         <uninitialized>true</uninitialized>
         <run_address>0x2500</run_address>
         <size>0xa00</size>
      </object_component>
      <object_component id="oc-23f">
         <name>.data</name>
         <load_address>0x2fd0</load_address>
         <run_address>0x2fd0</run_address>
         <size>0x2</size>
         <input_file_ref idref="fl-2"/>
      </object_component>
      <object_component id="oc-2b0">
         <name>.data:_lock</name>
         <load_address>0x2fc8</load_address>
         <run_address>0x2fc8</run_address>
         <size>0x4</size>
         <input_file_ref idref="fl-55"/>
      </object_component>
      <object_component id="oc-2b9">
         <name>.data:_unlock</name>
         <load_address>0x2fcc</load_address>
         <run_address>0x2fcc</run_address>
         <size>0x4</size>
         <input_file_ref idref="fl-55"/>
      </object_component>
      <object_component id="oc-2df">
         <name>.data:_ftable</name>
         <load_address>0x2f00</load_address>
         <run_address>0x2f00</run_address>
         <size>0xc8</size>
         <input_file_ref idref="fl-62"/>
      </object_component>
      <object_component id="oc-3a6">
         <name>.data</name>
         <load_address>0x2fd2</load_address>
         <run_address>0x2fd2</run_address>
         <size>0x2</size>
         <input_file_ref idref="fl-7e"/>
      </object_component>
      <object_component id="oc-161">
         <name>.stack</name>
         <uninitialized>true</uninitialized>
         <run_address>0x30b0</run_address>
         <size>0x4</size>
         <input_file_ref idref="fl-49"/>
      </object_component>
      <object_component id="oc-5b2">
         <name>.stack</name>
         <uninitialized>true</uninitialized>
         <run_address>0x30b0</run_address>
         <size>0x0</size>
      </object_component>
      <object_component id="oc-4c1">
         <name>.text:__TI_frcdivd</name>
         <load_address>0x10000</load_address>
         <run_address>0x10000</run_address>
         <size>0x466</size>
         <input_file_ref idref="fl-78"/>
      </object_component>
      <object_component id="oc-414">
         <name>.text:__mspabi_divull</name>
         <load_address>0x10466</load_address>
         <run_address>0x10466</run_address>
         <size>0x34e</size>
         <input_file_ref idref="fl-5d"/>
      </object_component>
      <object_component id="oc-4fb">
         <name>.text:__mspabi_addd</name>
         <load_address>0x107b4</load_address>
         <run_address>0x107b4</run_address>
         <size>0x2e0</size>
         <input_file_ref idref="fl-70"/>
      </object_component>
      <object_component id="oc-2ee">
         <name>.text:__TI_printfi</name>
         <load_address>0x10a94</load_address>
         <run_address>0x10a94</run_address>
         <size>0x2a6</size>
         <input_file_ref idref="fl-5f"/>
      </object_component>
      <object_component id="oc-4b9">
         <name>.text:__TI_frcmpyd</name>
         <load_address>0x10d3a</load_address>
         <run_address>0x10d3a</run_address>
         <size>0x280</size>
         <input_file_ref idref="fl-81"/>
      </object_component>
      <object_component id="oc-346">
         <name>.text:_setfield</name>
         <load_address>0x10fba</load_address>
         <run_address>0x10fba</run_address>
         <size>0x27a</size>
         <input_file_ref idref="fl-5f"/>
      </object_component>
      <object_component id="oc-44e">
         <name>.text:__mspabi_mpyd</name>
         <load_address>0x11234</load_address>
         <run_address>0x11234</run_address>
         <size>0x266</size>
         <input_file_ref idref="fl-79"/>
      </object_component>
      <object_component id="oc-52f">
         <name>.text:__TI_frcaddd</name>
         <load_address>0x1149a</load_address>
         <run_address>0x1149a</run_address>
         <size>0x248</size>
         <input_file_ref idref="fl-77"/>
      </object_component>
      <object_component id="oc-461">
         <name>.text:acvt</name>
         <load_address>0x116e2</load_address>
         <run_address>0x116e2</run_address>
         <size>0x224</size>
         <input_file_ref idref="fl-5f"/>
      </object_component>
      <object_component id="oc-454">
         <name>.text:__mspabi_divd</name>
         <load_address>0x11906</load_address>
         <run_address>0x11906</run_address>
         <size>0x222</size>
         <input_file_ref idref="fl-72"/>
      </object_component>
      <object_component id="oc-392">
         <name>.text:_pproc_fgea</name>
         <load_address>0x11b28</load_address>
         <run_address>0x11b28</run_address>
         <size>0x21c</size>
         <input_file_ref idref="fl-5f"/>
      </object_component>
      <object_component id="oc-3c4">
         <name>.text:_getarg_diouxp</name>
         <load_address>0x11d44</load_address>
         <run_address>0x11d44</run_address>
         <size>0x20c</size>
         <input_file_ref idref="fl-5f"/>
      </object_component>
      <object_component id="oc-42e">
         <name>.text:ecvt</name>
         <load_address>0x11f50</load_address>
         <run_address>0x11f50</run_address>
         <size>0x1e6</size>
         <input_file_ref idref="fl-5f"/>
      </object_component>
      <object_component id="oc-441">
         <name>.text:fcvt</name>
         <load_address>0x12136</load_address>
         <run_address>0x12136</run_address>
         <size>0x1c8</size>
         <input_file_ref idref="fl-5f"/>
      </object_component>
      <object_component id="oc-3e9">
         <name>.text:_pconv_e</name>
         <load_address>0x122fe</load_address>
         <run_address>0x122fe</run_address>
         <size>0x1a2</size>
         <input_file_ref idref="fl-5f"/>
      </object_component>
      <object_component id="oc-3ef">
         <name>.text:_pconv_a</name>
         <load_address>0x124a0</load_address>
         <run_address>0x124a0</run_address>
         <size>0x170</size>
         <input_file_ref idref="fl-5f"/>
      </object_component>
      <object_component id="oc-4d0">
         <name>.text:scalbn</name>
         <load_address>0x12610</load_address>
         <run_address>0x12610</run_address>
         <size>0x15a</size>
         <input_file_ref idref="fl-69"/>
      </object_component>
      <object_component id="oc-38c">
         <name>.text:_pproc_diouxp</name>
         <load_address>0x1276a</load_address>
         <run_address>0x1276a</run_address>
         <size>0x148</size>
         <input_file_ref idref="fl-5f"/>
      </object_component>
      <object_component id="oc-3ca">
         <name>.text:_ltostr</name>
         <load_address>0x128b2</load_address>
         <run_address>0x128b2</run_address>
         <size>0x128</size>
         <input_file_ref idref="fl-5f"/>
      </object_component>
      <object_component id="oc-3dd">
         <name>.text:_pconv_g</name>
         <load_address>0x129da</load_address>
         <run_address>0x129da</run_address>
         <size>0xfc</size>
         <input_file_ref idref="fl-5f"/>
      </object_component>
      <object_component id="oc-340">
         <name>.text:_pproc_fwp</name>
         <load_address>0x12ad6</load_address>
         <run_address>0x12ad6</run_address>
         <size>0xfa</size>
         <input_file_ref idref="fl-5f"/>
      </object_component>
      <object_component id="oc-3f5">
         <name>.text:__mspabi_cmpd</name>
         <load_address>0x12bd0</load_address>
         <run_address>0x12bd0</run_address>
         <size>0xd8</size>
         <input_file_ref idref="fl-71"/>
      </object_component>
      <object_component id="oc-352">
         <name>.text:_pproc_wstr</name>
         <load_address>0x12ca8</load_address>
         <run_address>0x12ca8</run_address>
         <size>0xc8</size>
         <input_file_ref idref="fl-5f"/>
      </object_component>
      <object_component id="oc-54c">
         <name>.text:__TI_renormd</name>
         <load_address>0x12d70</load_address>
         <run_address>0x12d70</run_address>
         <size>0xb2</size>
         <input_file_ref idref="fl-7b"/>
      </object_component>
      <object_component id="oc-1de">
         <name>.text:main</name>
         <load_address>0x12e22</load_address>
         <run_address>0x12e22</run_address>
         <size>0xa8</size>
         <input_file_ref idref="fl-2"/>
      </object_component>
      <object_component id="oc-34c">
         <name>.text:_pproc_str</name>
         <load_address>0x12eca</load_address>
         <run_address>0x12eca</run_address>
         <size>0xa6</size>
         <input_file_ref idref="fl-5f"/>
      </object_component>
      <object_component id="oc-45b">
         <name>.text:frexp</name>
         <load_address>0x12f70</load_address>
         <run_address>0x12f70</run_address>
         <size>0xa6</size>
         <input_file_ref idref="fl-68"/>
      </object_component>
      <object_component id="oc-49c">
         <name>.text:__mspabi_fltlid</name>
         <load_address>0x13016</load_address>
         <run_address>0x13016</run_address>
         <size>0x9e</size>
         <input_file_ref idref="fl-76"/>
      </object_component>
      <object_component id="oc-434">
         <name>.text:_ecpy</name>
         <load_address>0x130b4</load_address>
         <run_address>0x130b4</run_address>
         <size>0x90</size>
         <input_file_ref idref="fl-5f"/>
      </object_component>
      <object_component id="oc-43a">
         <name>.text:_mcpy</name>
         <load_address>0x13144</load_address>
         <run_address>0x13144</run_address>
         <size>0x90</size>
         <input_file_ref idref="fl-5f"/>
      </object_component>
      <object_component id="oc-496">
         <name>.text:ltoa</name>
         <load_address>0x131d4</load_address>
         <run_address>0x131d4</run_address>
         <size>0x80</size>
         <input_file_ref idref="fl-63"/>
      </object_component>
      <object_component id="oc-239">
         <name>.text:read_pin</name>
         <load_address>0x13254</load_address>
         <run_address>0x13254</run_address>
         <size>0x7c</size>
         <input_file_ref idref="fl-2"/>
      </object_component>
      <object_component id="oc-3e3">
         <name>.text:_pconv_f</name>
         <load_address>0x132d0</load_address>
         <run_address>0x132d0</run_address>
         <size>0x78</size>
         <input_file_ref idref="fl-5f"/>
      </object_component>
      <object_component id="oc-57">
         <name>.text:decompress:lzss:__TI_decompress_lzss</name>
         <load_address>0x13348</load_address>
         <run_address>0x13348</run_address>
         <size>0x76</size>
         <input_file_ref idref="fl-53"/>
      </object_component>
      <object_component id="oc-490">
         <name>.text:__mspabi_fixdli</name>
         <load_address>0x133be</load_address>
         <run_address>0x133be</run_address>
         <size>0x66</size>
         <input_file_ref idref="fl-74"/>
      </object_component>
      <object_component id="oc-37e">
         <name>.text:atoi</name>
         <load_address>0x13424</load_address>
         <run_address>0x13424</run_address>
         <size>0x62</size>
         <input_file_ref idref="fl-60"/>
      </object_component>
      <object_component id="oc-21e">
         <name>.text:InitDMA</name>
         <load_address>0x13486</load_address>
         <run_address>0x13486</run_address>
         <size>0x5c</size>
         <input_file_ref idref="fl-2"/>
      </object_component>
      <object_component id="oc-41a">
         <name>.text</name>
         <load_address>0x134e2</load_address>
         <run_address>0x134e2</run_address>
         <size>0x58</size>
         <input_file_ref idref="fl-20"/>
      </object_component>
      <object_component id="oc-267">
         <name>.text:__TI_auto_init_nobinit_nopinit_hold_wdt:__TI_auto_init_nobinit_nopinit_hold_wdt</name>
         <load_address>0x1353a</load_address>
         <run_address>0x1353a</run_address>
         <size>0x54</size>
         <input_file_ref idref="fl-4a"/>
      </object_component>
      <object_component id="oc-206">
         <name>.text:InitSystem</name>
         <load_address>0x1358e</load_address>
         <run_address>0x1358e</run_address>
         <size>0x4e</size>
         <input_file_ref idref="fl-2"/>
      </object_component>
      <object_component id="oc-447">
         <name>.text:_fcpy</name>
         <load_address>0x135dc</load_address>
         <run_address>0x135dc</run_address>
         <size>0x4e</size>
         <input_file_ref idref="fl-5f"/>
      </object_component>
      <object_component id="oc-28b">
         <name>.text:printf</name>
         <load_address>0x1362a</load_address>
         <run_address>0x1362a</run_address>
         <size>0x4a</size>
         <input_file_ref idref="fl-58"/>
      </object_component>
      <object_component id="oc-230">
         <name>.text:Data_Process</name>
         <load_address>0x13674</load_address>
         <run_address>0x13674</run_address>
         <size>0x42</size>
         <input_file_ref idref="fl-2"/>
      </object_component>
      <object_component id="oc-4ed">
         <name>.text</name>
         <load_address>0x136b6</load_address>
         <run_address>0x136b6</run_address>
         <size>0x40</size>
         <input_file_ref idref="fl-6c"/>
      </object_component>
      <object_component id="oc-504">
         <name>.text:l_asr_const</name>
         <load_address>0x136f6</load_address>
         <run_address>0x136f6</run_address>
         <size>0x3e</size>
         <input_file_ref idref="fl-7f"/>
      </object_component>
      <object_component id="oc-4e7">
         <name>.text:l_lsl_const</name>
         <load_address>0x13734</load_address>
         <run_address>0x13734</run_address>
         <size>0x3e</size>
         <input_file_ref idref="fl-80"/>
      </object_component>
      <object_component id="oc-4f4">
         <name>.text:l_lsr_const</name>
         <load_address>0x13772</load_address>
         <run_address>0x13772</run_address>
         <size>0x3e</size>
         <input_file_ref idref="fl-6d"/>
      </object_component>
      <object_component id="oc-47e">
         <name>.text:__mspabi_sllll</name>
         <load_address>0x137b0</load_address>
         <run_address>0x137b0</run_address>
         <size>0x3a</size>
         <input_file_ref idref="fl-6f"/>
      </object_component>
      <object_component id="oc-424">
         <name>.text:__mspabi_srlll</name>
         <load_address>0x137ea</load_address>
         <run_address>0x137ea</run_address>
         <size>0x3a</size>
         <input_file_ref idref="fl-4e"/>
      </object_component>
      <object_component id="oc-22a">
         <name>.text:UART_Data_Out</name>
         <load_address>0x13824</load_address>
         <run_address>0x13824</run_address>
         <size>0x34</size>
         <input_file_ref idref="fl-2"/>
      </object_component>
      <object_component id="oc-4a2">
         <name>.text:__mspabi_subd</name>
         <load_address>0x13858</load_address>
         <run_address>0x13858</run_address>
         <size>0x32</size>
         <input_file_ref idref="fl-7c"/>
      </object_component>
      <object_component id="oc-509">
         <name>.text</name>
         <load_address>0x1388a</load_address>
         <run_address>0x1388a</run_address>
         <size>0x32</size>
         <input_file_ref idref="fl-45"/>
      </object_component>
      <object_component id="oc-20c">
         <name>.text:InitTimers</name>
         <load_address>0x138bc</load_address>
         <run_address>0x138bc</run_address>
         <size>0x30</size>
         <input_file_ref idref="fl-2"/>
      </object_component>
      <object_component id="oc-3d7">
         <name>.text:__mspabi_negd</name>
         <load_address>0x138ec</load_address>
         <run_address>0x138ec</run_address>
         <size>0x2e</size>
         <input_file_ref idref="fl-7a"/>
      </object_component>
      <object_component id="oc-51d">
         <name>.text:copysign</name>
         <load_address>0x1391a</load_address>
         <run_address>0x1391a</run_address>
         <size>0x2e</size>
         <input_file_ref idref="fl-6a"/>
      </object_component>
      <object_component id="oc-4a8">
         <name>.text:__mspabi_fixdi</name>
         <load_address>0x13948</load_address>
         <run_address>0x13948</run_address>
         <size>0x28</size>
         <input_file_ref idref="fl-73"/>
      </object_component>
      <object_component id="oc-32c">
         <name>.text:fputs</name>
         <load_address>0x13970</load_address>
         <run_address>0x13970</run_address>
         <size>0x26</size>
         <input_file_ref idref="fl-2"/>
      </object_component>
      <object_component id="oc-224">
         <name>.text:InitUART</name>
         <load_address>0x13996</load_address>
         <run_address>0x13996</run_address>
         <size>0x24</size>
         <input_file_ref idref="fl-2"/>
      </object_component>
      <object_component id="oc-188">
         <name>.text:decompress:ZI:__TI_zero_init</name>
         <load_address>0x139ba</load_address>
         <run_address>0x139ba</run_address>
         <size>0x24</size>
         <input_file_ref idref="fl-4b"/>
      </object_component>
      <object_component id="oc-398">
         <name>.text:memccpy</name>
         <load_address>0x139de</load_address>
         <run_address>0x139de</run_address>
         <size>0x1e</size>
         <input_file_ref idref="fl-64"/>
      </object_component>
      <object_component id="oc-4d6">
         <name>.text:strchr</name>
         <load_address>0x139fc</load_address>
         <run_address>0x139fc</run_address>
         <size>0x1c</size>
         <input_file_ref idref="fl-66"/>
      </object_component>
      <object_component id="oc-212">
         <name>.text:InitADC</name>
         <load_address>0x13a18</load_address>
         <run_address>0x13a18</run_address>
         <size>0x1a</size>
         <input_file_ref idref="fl-2"/>
      </object_component>
      <object_component id="oc-31c">
         <name>.text</name>
         <load_address>0x13a32</load_address>
         <run_address>0x13a32</run_address>
         <size>0x18</size>
         <input_file_ref idref="fl-42"/>
      </object_component>
      <object_component id="oc-384">
         <name>.text:memset</name>
         <load_address>0x13a4a</load_address>
         <run_address>0x13a4a</run_address>
         <size>0x16</size>
         <input_file_ref idref="fl-65"/>
      </object_component>
      <object_component id="oc-41f">
         <name>.text</name>
         <load_address>0x13a60</load_address>
         <run_address>0x13a60</run_address>
         <size>0x16</size>
         <input_file_ref idref="fl-1f"/>
      </object_component>
      <object_component id="oc-3a0">
         <name>.text:wcslen</name>
         <load_address>0x13a76</load_address>
         <run_address>0x13a76</run_address>
         <size>0x16</size>
         <input_file_ref idref="fl-6b"/>
      </object_component>
      <object_component id="oc-170">
         <name>.text:memcpy</name>
         <load_address>0x13a8c</load_address>
         <run_address>0x13a8c</run_address>
         <size>0x14</size>
         <input_file_ref idref="fl-57"/>
      </object_component>
      <object_component id="oc-5d">
         <name>.text:decompress:none:__TI_decompress_none</name>
         <load_address>0x13aa0</load_address>
         <run_address>0x13aa0</run_address>
         <size>0x12</size>
         <input_file_ref idref="fl-52"/>
      </object_component>
      <object_component id="oc-3d1">
         <name>.text:toupper</name>
         <load_address>0x13ab2</load_address>
         <run_address>0x13ab2</run_address>
         <size>0x12</size>
         <input_file_ref idref="fl-67"/>
      </object_component>
      <object_component id="oc-547">
         <name>.text:l_asr</name>
         <load_address>0x13ac4</load_address>
         <run_address>0x13ac4</run_address>
         <size>0x10</size>
         <input_file_ref idref="fl-7f"/>
      </object_component>
      <object_component id="oc-542">
         <name>.text:l_lsl</name>
         <load_address>0x13ad4</load_address>
         <run_address>0x13ad4</run_address>
         <size>0x10</size>
         <input_file_ref idref="fl-80"/>
      </object_component>
      <object_component id="oc-484">
         <name>.text:l_lsr</name>
         <load_address>0x13ae4</load_address>
         <run_address>0x13ae4</run_address>
         <size>0x10</size>
         <input_file_ref idref="fl-6d"/>
      </object_component>
      <object_component id="oc-218">
         <name>.text:InitDAC</name>
         <load_address>0x13af4</load_address>
         <run_address>0x13af4</run_address>
         <size>0xe</size>
         <input_file_ref idref="fl-2"/>
      </object_component>
      <object_component id="oc-333">
         <name>.text:fputc</name>
         <load_address>0x13b02</load_address>
         <run_address>0x13b02</run_address>
         <size>0xe</size>
         <input_file_ref idref="fl-2"/>
      </object_component>
      <object_component id="oc-33a">
         <name>.text:strlen</name>
         <load_address>0x13b10</load_address>
         <run_address>0x13b10</run_address>
         <size>0xe</size>
         <input_file_ref idref="fl-59"/>
      </object_component>
      <object_component id="oc-4dc">
         <name>.text:__mspabi_fltid</name>
         <load_address>0x13b1e</load_address>
         <run_address>0x13b1e</run_address>
         <size>0xc</size>
         <input_file_ref idref="fl-75"/>
      </object_component>
      <object_component id="oc-4af">
         <name>.text:abs</name>
         <load_address>0x13b2a</load_address>
         <run_address>0x13b2a</run_address>
         <size>0xa</size>
         <input_file_ref idref="fl-7d"/>
      </object_component>
      <object_component id="oc-2e8">
         <name>.text:_outc</name>
         <load_address>0x13b34</load_address>
         <run_address>0x13b34</run_address>
         <size>0x6</size>
         <input_file_ref idref="fl-58"/>
      </object_component>
      <object_component id="oc-243">
         <name>.text:abort</name>
         <load_address>0x13b3a</load_address>
         <run_address>0x13b3a</run_address>
         <size>0x6</size>
         <input_file_ref idref="fl-54"/>
      </object_component>
      <object_component id="oc-2e2">
         <name>.text:_outs</name>
         <load_address>0x13b40</load_address>
         <run_address>0x13b40</run_address>
         <size>0x4</size>
         <input_file_ref idref="fl-58"/>
      </object_component>
      <object_component id="oc-1d8">
         <name>.text:_system_pre_init</name>
         <load_address>0x13b44</load_address>
         <run_address>0x13b44</run_address>
         <size>0x4</size>
         <input_file_ref idref="fl-50"/>
      </object_component>
      <object_component id="oc-2fd">
         <name>.text:_nop</name>
         <load_address>0x13b48</load_address>
         <run_address>0x13b48</run_address>
         <size>0x2</size>
         <input_file_ref idref="fl-55"/>
      </object_component>
      <object_component id="oc-2be">
         <name>.text:_system_post_cinit</name>
         <load_address>0x13b4a</load_address>
         <run_address>0x13b4a</run_address>
         <size>0x2</size>
         <input_file_ref idref="fl-51"/>
      </object_component>
      <object_component id="oc-194">
         <name>.text:_isr:_c_int00_noargs</name>
         <load_address>0x3100</load_address>
         <run_address>0x3100</run_address>
         <size>0x1c</size>
         <input_file_ref idref="fl-49"/>
      </object_component>
      <object_component id="oc-17d">
         <name>.text:_isr:__TI_ISR_TRAP</name>
         <load_address>0x311c</load_address>
         <run_address>0x311c</run_address>
         <size>0x8</size>
         <input_file_ref idref="fl-40"/>
      </object_component>
      <object_component id="oc-5b1">
         <name>.cinit..data.load</name>
         <load_address>0x3252</load_address>
         <run_address>0x3252</run_address>
         <size>0x21</size>
      </object_component>
      <object_component id="oc-5ae">
         <name>__TI_handler_table</name>
         <load_address>0x3274</load_address>
         <run_address>0x3274</run_address>
         <size>0xc</size>
      </object_component>
      <object_component id="oc-5b0">
         <name>.cinit..bss.load</name>
         <load_address>0x3280</load_address>
         <run_address>0x3280</run_address>
         <size>0x6</size>
      </object_component>
      <object_component id="oc-5af">
         <name>__TI_cinit_table</name>
         <load_address>0x3286</load_address>
         <run_address>0x3286</run_address>
         <size>0x10</size>
      </object_component>
      <object_component id="oc-3bd">
         <name>.const:.string:_ctypes_</name>
         <load_address>0x3124</load_address>
         <run_address>0x3124</run_address>
         <size>0x101</size>
         <input_file_ref idref="fl-61"/>
      </object_component>
      <object_component id="oc-38b">
         <name>.const:.string</name>
         <load_address>0x3226</load_address>
         <run_address>0x3226</run_address>
         <size>0x26</size>
         <input_file_ref idref="fl-5f"/>
      </object_component>
      <object_component id="oc-289">
         <name>.const:.string</name>
         <load_address>0x324c</load_address>
         <run_address>0x324c</run_address>
         <size>0x6</size>
         <input_file_ref idref="fl-2"/>
      </object_component>
      <object_component id="oc-55f">
         <name>.binit</name>
         <load_address>0x3100</load_address>
         <run_address>0x3100</run_address>
         <size>0x0</size>
      </object_component>
      <object_component id="oc-63">
         <name>.int00</name>
         <load_address>0xffc0</load_address>
         <run_address>0xffc0</run_address>
         <size>0x2</size>
         <input_file_ref idref="fl-21"/>
      </object_component>
      <object_component id="oc-64">
         <name>.int01</name>
         <load_address>0xffc2</load_address>
         <run_address>0xffc2</run_address>
         <size>0x2</size>
         <input_file_ref idref="fl-22"/>
      </object_component>
      <object_component id="oc-65">
         <name>.int02</name>
         <load_address>0xffc4</load_address>
         <run_address>0xffc4</run_address>
         <size>0x2</size>
         <input_file_ref idref="fl-23"/>
      </object_component>
      <object_component id="oc-66">
         <name>.int03</name>
         <load_address>0xffc6</load_address>
         <run_address>0xffc6</run_address>
         <size>0x2</size>
         <input_file_ref idref="fl-24"/>
      </object_component>
      <object_component id="oc-67">
         <name>.int04</name>
         <load_address>0xffc8</load_address>
         <run_address>0xffc8</run_address>
         <size>0x2</size>
         <input_file_ref idref="fl-25"/>
      </object_component>
      <object_component id="oc-68">
         <name>.int05</name>
         <load_address>0xffca</load_address>
         <run_address>0xffca</run_address>
         <size>0x2</size>
         <input_file_ref idref="fl-26"/>
      </object_component>
      <object_component id="oc-69">
         <name>.int06</name>
         <load_address>0xffcc</load_address>
         <run_address>0xffcc</run_address>
         <size>0x2</size>
         <input_file_ref idref="fl-27"/>
      </object_component>
      <object_component id="oc-6a">
         <name>.int07</name>
         <load_address>0xffce</load_address>
         <run_address>0xffce</run_address>
         <size>0x2</size>
         <input_file_ref idref="fl-28"/>
      </object_component>
      <object_component id="oc-6b">
         <name>.int08</name>
         <load_address>0xffd0</load_address>
         <run_address>0xffd0</run_address>
         <size>0x2</size>
         <input_file_ref idref="fl-29"/>
      </object_component>
      <object_component id="oc-6c">
         <name>.int09</name>
         <load_address>0xffd2</load_address>
         <run_address>0xffd2</run_address>
         <size>0x2</size>
         <input_file_ref idref="fl-2a"/>
      </object_component>
      <object_component id="oc-6d">
         <name>.int10</name>
         <load_address>0xffd4</load_address>
         <run_address>0xffd4</run_address>
         <size>0x2</size>
         <input_file_ref idref="fl-2b"/>
      </object_component>
      <object_component id="oc-6e">
         <name>.int11</name>
         <load_address>0xffd6</load_address>
         <run_address>0xffd6</run_address>
         <size>0x2</size>
         <input_file_ref idref="fl-2c"/>
      </object_component>
      <object_component id="oc-6f">
         <name>.int12</name>
         <load_address>0xffd8</load_address>
         <run_address>0xffd8</run_address>
         <size>0x2</size>
         <input_file_ref idref="fl-2d"/>
      </object_component>
      <object_component id="oc-70">
         <name>.int13</name>
         <load_address>0xffda</load_address>
         <run_address>0xffda</run_address>
         <size>0x2</size>
         <input_file_ref idref="fl-2e"/>
      </object_component>
      <object_component id="oc-71">
         <name>.int14</name>
         <load_address>0xffdc</load_address>
         <run_address>0xffdc</run_address>
         <size>0x2</size>
         <input_file_ref idref="fl-2f"/>
      </object_component>
      <object_component id="oc-72">
         <name>.int15</name>
         <load_address>0xffde</load_address>
         <run_address>0xffde</run_address>
         <size>0x2</size>
         <input_file_ref idref="fl-30"/>
      </object_component>
      <object_component id="oc-73">
         <name>.int16</name>
         <load_address>0xffe0</load_address>
         <run_address>0xffe0</run_address>
         <size>0x2</size>
         <input_file_ref idref="fl-31"/>
      </object_component>
      <object_component id="oc-74">
         <name>.int17</name>
         <load_address>0xffe2</load_address>
         <run_address>0xffe2</run_address>
         <size>0x2</size>
         <input_file_ref idref="fl-32"/>
      </object_component>
      <object_component id="oc-75">
         <name>.int18</name>
         <load_address>0xffe4</load_address>
         <run_address>0xffe4</run_address>
         <size>0x2</size>
         <input_file_ref idref="fl-33"/>
      </object_component>
      <object_component id="oc-76">
         <name>.int19</name>
         <load_address>0xffe6</load_address>
         <run_address>0xffe6</run_address>
         <size>0x2</size>
         <input_file_ref idref="fl-34"/>
      </object_component>
      <object_component id="oc-77">
         <name>.int20</name>
         <load_address>0xffe8</load_address>
         <run_address>0xffe8</run_address>
         <size>0x2</size>
         <input_file_ref idref="fl-35"/>
      </object_component>
      <object_component id="oc-78">
         <name>.int21</name>
         <load_address>0xffea</load_address>
         <run_address>0xffea</run_address>
         <size>0x2</size>
         <input_file_ref idref="fl-36"/>
      </object_component>
      <object_component id="oc-79">
         <name>.int22</name>
         <load_address>0xffec</load_address>
         <run_address>0xffec</run_address>
         <size>0x2</size>
         <input_file_ref idref="fl-37"/>
      </object_component>
      <object_component id="oc-7a">
         <name>.int23</name>
         <load_address>0xffee</load_address>
         <run_address>0xffee</run_address>
         <size>0x2</size>
         <input_file_ref idref="fl-38"/>
      </object_component>
      <object_component id="oc-7b">
         <name>.int24</name>
         <load_address>0xfff0</load_address>
         <run_address>0xfff0</run_address>
         <size>0x2</size>
         <input_file_ref idref="fl-39"/>
      </object_component>
      <object_component id="oc-7c">
         <name>.int25</name>
         <load_address>0xfff2</load_address>
         <run_address>0xfff2</run_address>
         <size>0x2</size>
         <input_file_ref idref="fl-3a"/>
      </object_component>
      <object_component id="oc-7d">
         <name>.int26</name>
         <load_address>0xfff4</load_address>
         <run_address>0xfff4</run_address>
         <size>0x2</size>
         <input_file_ref idref="fl-3b"/>
      </object_component>
      <object_component id="oc-7e">
         <name>.int27</name>
         <load_address>0xfff6</load_address>
         <run_address>0xfff6</run_address>
         <size>0x2</size>
         <input_file_ref idref="fl-3c"/>
      </object_component>
      <object_component id="oc-7f">
         <name>.int28</name>
         <load_address>0xfff8</load_address>
         <run_address>0xfff8</run_address>
         <size>0x2</size>
         <input_file_ref idref="fl-3d"/>
      </object_component>
      <object_component id="oc-80">
         <name>.int29</name>
         <load_address>0xfffa</load_address>
         <run_address>0xfffa</run_address>
         <size>0x2</size>
         <input_file_ref idref="fl-3e"/>
      </object_component>
      <object_component id="oc-81">
         <name>.int30</name>
         <load_address>0xfffc</load_address>
         <run_address>0xfffc</run_address>
         <size>0x2</size>
         <input_file_ref idref="fl-3f"/>
      </object_component>
      <object_component id="oc-164">
         <name>.reset</name>
         <load_address>0xfffe</load_address>
         <run_address>0xfffe</run_address>
         <size>0x2</size>
         <input_file_ref idref="fl-49"/>
      </object_component>
      <object_component id="oc-237">
         <name>.debug_info</name>
         <load_address>0x0</load_address>
         <run_address>0x0</run_address>
         <size>0x7f8</size>
         <input_file_ref idref="fl-2"/>
      </object_component>
      <object_component id="oc-240">
         <name>.debug_info</name>
         <load_address>0x7f8</load_address>
         <run_address>0x7f8</run_address>
         <size>0xb6</size>
         <input_file_ref idref="fl-2"/>
      </object_component>
      <object_component id="oc-23a">
         <name>.debug_info</name>
         <load_address>0x8ae</load_address>
         <run_address>0x8ae</run_address>
         <size>0x134</size>
         <input_file_ref idref="fl-2"/>
      </object_component>
      <object_component id="oc-207">
         <name>.debug_info</name>
         <load_address>0x9e2</load_address>
         <run_address>0x9e2</run_address>
         <size>0xf1</size>
         <input_file_ref idref="fl-2"/>
      </object_component>
      <object_component id="oc-20d">
         <name>.debug_info</name>
         <load_address>0xad3</load_address>
         <run_address>0xad3</run_address>
         <size>0xe6</size>
         <input_file_ref idref="fl-2"/>
      </object_component>
      <object_component id="oc-213">
         <name>.debug_info</name>
         <load_address>0xbb9</load_address>
         <run_address>0xbb9</run_address>
         <size>0xe0</size>
         <input_file_ref idref="fl-2"/>
      </object_component>
      <object_component id="oc-219">
         <name>.debug_info</name>
         <load_address>0xc99</load_address>
         <run_address>0xc99</run_address>
         <size>0xe0</size>
         <input_file_ref idref="fl-2"/>
      </object_component>
      <object_component id="oc-21f">
         <name>.debug_info</name>
         <load_address>0xd79</load_address>
         <run_address>0xd79</run_address>
         <size>0xe0</size>
         <input_file_ref idref="fl-2"/>
      </object_component>
      <object_component id="oc-225">
         <name>.debug_info</name>
         <load_address>0xe59</load_address>
         <run_address>0xe59</run_address>
         <size>0xe5</size>
         <input_file_ref idref="fl-2"/>
      </object_component>
      <object_component id="oc-22b">
         <name>.debug_info</name>
         <load_address>0xf3e</load_address>
         <run_address>0xf3e</run_address>
         <size>0x107</size>
         <input_file_ref idref="fl-2"/>
      </object_component>
      <object_component id="oc-231">
         <name>.debug_info</name>
         <load_address>0x1045</load_address>
         <run_address>0x1045</run_address>
         <size>0xf8</size>
         <input_file_ref idref="fl-2"/>
      </object_component>
      <object_component id="oc-1df">
         <name>.debug_info</name>
         <load_address>0x113d</load_address>
         <run_address>0x113d</run_address>
         <size>0x169</size>
         <input_file_ref idref="fl-2"/>
      </object_component>
      <object_component id="oc-32d">
         <name>.debug_info</name>
         <load_address>0x12a6</load_address>
         <run_address>0x12a6</run_address>
         <size>0x13b</size>
         <input_file_ref idref="fl-2"/>
      </object_component>
      <object_component id="oc-334">
         <name>.debug_info</name>
         <load_address>0x13e1</load_address>
         <run_address>0x13e1</run_address>
         <size>0x10c</size>
         <input_file_ref idref="fl-2"/>
      </object_component>
      <object_component id="oc-29f">
         <name>.debug_info</name>
         <load_address>0x14ed</load_address>
         <run_address>0x14ed</run_address>
         <size>0x110</size>
         <input_file_ref idref="fl-2"/>
      </object_component>
      <object_component id="oc-295">
         <name>.debug_info</name>
         <load_address>0x15fd</load_address>
         <run_address>0x15fd</run_address>
         <size>0x26b</size>
         <input_file_ref idref="fl-2"/>
      </object_component>
      <object_component id="oc-16b">
         <name>.debug_info</name>
         <load_address>0x1868</load_address>
         <run_address>0x1868</run_address>
         <size>0x84</size>
         <input_file_ref idref="fl-2"/>
      </object_component>
      <object_component id="oc-2a4">
         <name>.debug_info</name>
         <load_address>0x18ec</load_address>
         <run_address>0x18ec</run_address>
         <size>0x2c</size>
         <input_file_ref idref="fl-2"/>
      </object_component>
      <object_component id="oc-2f6">
         <name>.debug_info</name>
         <load_address>0x1918</load_address>
         <run_address>0x1918</run_address>
         <size>0x275</size>
         <input_file_ref idref="fl-2"/>
      </object_component>
      <object_component id="oc-29a">
         <name>.debug_info</name>
         <load_address>0x1b8d</load_address>
         <run_address>0x1b8d</run_address>
         <size>0xbf</size>
         <input_file_ref idref="fl-2"/>
      </object_component>
      <object_component id="oc-35a">
         <name>.debug_info</name>
         <load_address>0x1c4c</load_address>
         <run_address>0x1c4c</run_address>
         <size>0x2c</size>
         <input_file_ref idref="fl-2"/>
      </object_component>
      <object_component id="oc-1c8">
         <name>.debug_info</name>
         <load_address>0x1c78</load_address>
         <run_address>0x1c78</run_address>
         <size>0x2c</size>
         <input_file_ref idref="fl-3"/>
      </object_component>
      <object_component id="oc-421">
         <name>.debug_info</name>
         <load_address>0x1ca4</load_address>
         <run_address>0x1ca4</run_address>
         <size>0x124</size>
         <input_file_ref idref="fl-1f"/>
      </object_component>
      <object_component id="oc-41b">
         <name>.debug_info</name>
         <load_address>0x1dc8</load_address>
         <run_address>0x1dc8</run_address>
         <size>0x126</size>
         <input_file_ref idref="fl-20"/>
      </object_component>
      <object_component id="oc-17f">
         <name>.debug_info</name>
         <load_address>0x1eee</load_address>
         <run_address>0x1eee</run_address>
         <size>0x112</size>
         <input_file_ref idref="fl-40"/>
      </object_component>
      <object_component id="oc-31f">
         <name>.debug_info</name>
         <load_address>0x2000</load_address>
         <run_address>0x2000</run_address>
         <size>0x12d</size>
         <input_file_ref idref="fl-42"/>
      </object_component>
      <object_component id="oc-50c">
         <name>.debug_info</name>
         <load_address>0x212d</load_address>
         <run_address>0x212d</run_address>
         <size>0x12d</size>
         <input_file_ref idref="fl-45"/>
      </object_component>
      <object_component id="oc-162">
         <name>.debug_info</name>
         <load_address>0x225a</load_address>
         <run_address>0x225a</run_address>
         <size>0x100</size>
         <input_file_ref idref="fl-49"/>
      </object_component>
      <object_component id="oc-196">
         <name>.debug_info</name>
         <load_address>0x235a</load_address>
         <run_address>0x235a</run_address>
         <size>0x17a</size>
         <input_file_ref idref="fl-49"/>
      </object_component>
      <object_component id="oc-2c5">
         <name>.debug_info</name>
         <load_address>0x24d4</load_address>
         <run_address>0x24d4</run_address>
         <size>0x49b</size>
         <input_file_ref idref="fl-4a"/>
      </object_component>
      <object_component id="oc-26b">
         <name>.debug_info</name>
         <load_address>0x296f</load_address>
         <run_address>0x296f</run_address>
         <size>0x230</size>
         <input_file_ref idref="fl-4a"/>
      </object_component>
      <object_component id="oc-312">
         <name>.debug_info</name>
         <load_address>0x2b9f</load_address>
         <run_address>0x2b9f</run_address>
         <size>0x39</size>
         <input_file_ref idref="fl-4a"/>
      </object_component>
      <object_component id="oc-323">
         <name>.debug_info</name>
         <load_address>0x2bd8</load_address>
         <run_address>0x2bd8</run_address>
         <size>0x2c</size>
         <input_file_ref idref="fl-4a"/>
      </object_component>
      <object_component id="oc-2d0">
         <name>.debug_info</name>
         <load_address>0x2c04</load_address>
         <run_address>0x2c04</run_address>
         <size>0x2c</size>
         <input_file_ref idref="fl-4a"/>
      </object_component>
      <object_component id="oc-317">
         <name>.debug_info</name>
         <load_address>0x2c30</load_address>
         <run_address>0x2c30</run_address>
         <size>0xcd</size>
         <input_file_ref idref="fl-4a"/>
      </object_component>
      <object_component id="oc-1d6">
         <name>.debug_info</name>
         <load_address>0x2cfd</load_address>
         <run_address>0x2cfd</run_address>
         <size>0x1c9</size>
         <input_file_ref idref="fl-4b"/>
      </object_component>
      <object_component id="oc-189">
         <name>.debug_info</name>
         <load_address>0x2ec6</load_address>
         <run_address>0x2ec6</run_address>
         <size>0x1c5</size>
         <input_file_ref idref="fl-4b"/>
      </object_component>
      <object_component id="oc-1d1">
         <name>.debug_info</name>
         <load_address>0x308b</load_address>
         <run_address>0x308b</run_address>
         <size>0x46</size>
         <input_file_ref idref="fl-4b"/>
      </object_component>
      <object_component id="oc-428">
         <name>.debug_info</name>
         <load_address>0x30d1</load_address>
         <run_address>0x30d1</run_address>
         <size>0x188</size>
         <input_file_ref idref="fl-4e"/>
      </object_component>
      <object_component id="oc-1d9">
         <name>.debug_info</name>
         <load_address>0x3259</load_address>
         <run_address>0x3259</run_address>
         <size>0x153</size>
         <input_file_ref idref="fl-50"/>
      </object_component>
      <object_component id="oc-2bf">
         <name>.debug_info</name>
         <load_address>0x33ac</load_address>
         <run_address>0x33ac</run_address>
         <size>0x150</size>
         <input_file_ref idref="fl-51"/>
      </object_component>
      <object_component id="oc-17c">
         <name>.debug_info</name>
         <load_address>0x34fc</load_address>
         <run_address>0x34fc</run_address>
         <size>0x18f</size>
         <input_file_ref idref="fl-52"/>
      </object_component>
      <object_component id="oc-5f">
         <name>.debug_info</name>
         <load_address>0x368b</load_address>
         <run_address>0x368b</run_address>
         <size>0x1d3</size>
         <input_file_ref idref="fl-52"/>
      </object_component>
      <object_component id="oc-177">
         <name>.debug_info</name>
         <load_address>0x385e</load_address>
         <run_address>0x385e</run_address>
         <size>0x46</size>
         <input_file_ref idref="fl-52"/>
      </object_component>
      <object_component id="oc-1c5">
         <name>.debug_info</name>
         <load_address>0x38a4</load_address>
         <run_address>0x38a4</run_address>
         <size>0x17b</size>
         <input_file_ref idref="fl-53"/>
      </object_component>
      <object_component id="oc-59">
         <name>.debug_info</name>
         <load_address>0x3a1f</load_address>
         <run_address>0x3a1f</run_address>
         <size>0x250</size>
         <input_file_ref idref="fl-53"/>
      </object_component>
      <object_component id="oc-166">
         <name>.debug_info</name>
         <load_address>0x3c6f</load_address>
         <run_address>0x3c6f</run_address>
         <size>0x60</size>
         <input_file_ref idref="fl-53"/>
      </object_component>
      <object_component id="oc-1fa">
         <name>.debug_info</name>
         <load_address>0x3ccf</load_address>
         <run_address>0x3ccf</run_address>
         <size>0x46</size>
         <input_file_ref idref="fl-53"/>
      </object_component>
      <object_component id="oc-1c0">
         <name>.debug_info</name>
         <load_address>0x3d15</load_address>
         <run_address>0x3d15</run_address>
         <size>0x39</size>
         <input_file_ref idref="fl-53"/>
      </object_component>
      <object_component id="oc-246">
         <name>.debug_info</name>
         <load_address>0x3d4e</load_address>
         <run_address>0x3d4e</run_address>
         <size>0x122</size>
         <input_file_ref idref="fl-54"/>
      </object_component>
      <object_component id="oc-305">
         <name>.debug_info</name>
         <load_address>0x3e70</load_address>
         <run_address>0x3e70</run_address>
         <size>0x168</size>
         <input_file_ref idref="fl-55"/>
      </object_component>
      <object_component id="oc-2b1">
         <name>.debug_info</name>
         <load_address>0x3fd8</load_address>
         <run_address>0x3fd8</run_address>
         <size>0xff</size>
         <input_file_ref idref="fl-55"/>
      </object_component>
      <object_component id="oc-2ba">
         <name>.debug_info</name>
         <load_address>0x40d7</load_address>
         <run_address>0x40d7</run_address>
         <size>0x103</size>
         <input_file_ref idref="fl-55"/>
      </object_component>
      <object_component id="oc-300">
         <name>.debug_info</name>
         <load_address>0x41da</load_address>
         <run_address>0x41da</run_address>
         <size>0x12e</size>
         <input_file_ref idref="fl-55"/>
      </object_component>
      <object_component id="oc-1c7">
         <name>.debug_info</name>
         <load_address>0x4308</load_address>
         <run_address>0x4308</run_address>
         <size>0x19a</size>
         <input_file_ref idref="fl-57"/>
      </object_component>
      <object_component id="oc-174">
         <name>.debug_info</name>
         <load_address>0x44a2</load_address>
         <run_address>0x44a2</run_address>
         <size>0x17a</size>
         <input_file_ref idref="fl-57"/>
      </object_component>
      <object_component id="oc-2f5">
         <name>.debug_info</name>
         <load_address>0x461c</load_address>
         <run_address>0x461c</run_address>
         <size>0x2d6</size>
         <input_file_ref idref="fl-58"/>
      </object_component>
      <object_component id="oc-2ec">
         <name>.debug_info</name>
         <load_address>0x48f2</load_address>
         <run_address>0x48f2</run_address>
         <size>0x162</size>
         <input_file_ref idref="fl-58"/>
      </object_component>
      <object_component id="oc-2e4">
         <name>.debug_info</name>
         <load_address>0x4a54</load_address>
         <run_address>0x4a54</run_address>
         <size>0x166</size>
         <input_file_ref idref="fl-58"/>
      </object_component>
      <object_component id="oc-28e">
         <name>.debug_info</name>
         <load_address>0x4bba</load_address>
         <run_address>0x4bba</run_address>
         <size>0x184</size>
         <input_file_ref idref="fl-58"/>
      </object_component>
      <object_component id="oc-366">
         <name>.debug_info</name>
         <load_address>0x4d3e</load_address>
         <run_address>0x4d3e</run_address>
         <size>0xb2</size>
         <input_file_ref idref="fl-58"/>
      </object_component>
      <object_component id="oc-37d">
         <name>.debug_info</name>
         <load_address>0x4df0</load_address>
         <run_address>0x4df0</run_address>
         <size>0x167</size>
         <input_file_ref idref="fl-59"/>
      </object_component>
      <object_component id="oc-33d">
         <name>.debug_info</name>
         <load_address>0x4f57</load_address>
         <run_address>0x4f57</run_address>
         <size>0x236</size>
         <input_file_ref idref="fl-59"/>
      </object_component>
      <object_component id="oc-48a">
         <name>.debug_info</name>
         <load_address>0x518d</load_address>
         <run_address>0x518d</run_address>
         <size>0x1dc</size>
         <input_file_ref idref="fl-5d"/>
      </object_component>
      <object_component id="oc-415">
         <name>.debug_info</name>
         <load_address>0x5369</load_address>
         <run_address>0x5369</run_address>
         <size>0x37d</size>
         <input_file_ref idref="fl-5d"/>
      </object_component>
      <object_component id="oc-359">
         <name>.debug_info</name>
         <load_address>0x56e6</load_address>
         <run_address>0x56e6</run_address>
         <size>0x5a2</size>
         <input_file_ref idref="fl-5f"/>
      </object_component>
      <object_component id="oc-341">
         <name>.debug_info</name>
         <load_address>0x5c88</load_address>
         <run_address>0x5c88</run_address>
         <size>0x25f</size>
         <input_file_ref idref="fl-5f"/>
      </object_component>
      <object_component id="oc-3c5">
         <name>.debug_info</name>
         <load_address>0x5ee7</load_address>
         <run_address>0x5ee7</run_address>
         <size>0x1b3</size>
         <input_file_ref idref="fl-5f"/>
      </object_component>
      <object_component id="oc-3cb">
         <name>.debug_info</name>
         <load_address>0x609a</load_address>
         <run_address>0x609a</run_address>
         <size>0x29d</size>
         <input_file_ref idref="fl-5f"/>
      </object_component>
      <object_component id="oc-38d">
         <name>.debug_info</name>
         <load_address>0x6337</load_address>
         <run_address>0x6337</run_address>
         <size>0x256</size>
         <input_file_ref idref="fl-5f"/>
      </object_component>
      <object_component id="oc-42f">
         <name>.debug_info</name>
         <load_address>0x658d</load_address>
         <run_address>0x658d</run_address>
         <size>0x3cb</size>
         <input_file_ref idref="fl-5f"/>
      </object_component>
      <object_component id="oc-435">
         <name>.debug_info</name>
         <load_address>0x6958</load_address>
         <run_address>0x6958</run_address>
         <size>0x1bd</size>
         <input_file_ref idref="fl-5f"/>
      </object_component>
      <object_component id="oc-43b">
         <name>.debug_info</name>
         <load_address>0x6b15</load_address>
         <run_address>0x6b15</run_address>
         <size>0x215</size>
         <input_file_ref idref="fl-5f"/>
      </object_component>
      <object_component id="oc-3de">
         <name>.debug_info</name>
         <load_address>0x6d2a</load_address>
         <run_address>0x6d2a</run_address>
         <size>0x278</size>
         <input_file_ref idref="fl-5f"/>
      </object_component>
[...]
      </symbol>
      <symbol id="sm-225">
         <name>__TI_int16</name>
         <value>0xffe0</value>
         <object_component_ref idref="oc-73"/>
      </symbol>
      <symbol id="sm-228">
         <name>__TI_int17</name>
         <value>0xffe2</value>
         <object_component_ref idref="oc-74"/>
      </symbol>
      <symbol id="sm-22b">
         <name>__TI_int18</name>
         <value>0xffe4</value>
         <object_component_ref idref="oc-75"/>
      </symbol>
      <symbol id="sm-22e">
         <name>__TI_int19</name>
         <value>0xffe6</value>
         <object_component_ref idref="oc-76"/>
      </symbol>
      <symbol id="sm-231">
         <name>__TI_int20</name>
         <value>0xffe8</value>
         <object_component_ref idref="oc-77"/>
      </symbol>
      <symbol id="sm-234">
         <name>__TI_int21</name>
         <value>0xffea</value>
         <object_component_ref idref="oc-78"/>
      </symbol>
      <symbol id="sm-237">
         <name>__TI_int22</name>
         <value>0xffec</value>
         <object_component_ref idref="oc-79"/>
      </symbol>
      <symbol id="sm-23a">
         <name>__TI_int23</name>
         <value>0xffee</value>
         <object_component_ref idref="oc-7a"/>
      </symbol>
      <symbol id="sm-23d">
         <name>__TI_int24</name>
         <value>0xfff0</value>
         <object_component_ref idref="oc-7b"/>
      </symbol>
      <symbol id="sm-240">
         <name>__TI_int25</name>
         <value>0xfff2</value>
         <object_component_ref idref="oc-7c"/>
      </symbol>
      <symbol id="sm-243">
         <name>__TI_int26</name>
         <value>0xfff4</value>
         <object_component_ref idref="oc-7d"/>
      </symbol>
      <symbol id="sm-246">
         <name>__TI_int27</name>
         <value>0xfff6</value>
         <object_component_ref idref="oc-7e"/>
      </symbol>
      <symbol id="sm-249">
         <name>__TI_int28</name>
         <value>0xfff8</value>
         <object_component_ref idref="oc-7f"/>
      </symbol>
      <symbol id="sm-24c">
         <name>__TI_int29</name>
         <value>0xfffa</value>
         <object_component_ref idref="oc-80"/>
      </symbol>
      <symbol id="sm-24f">
         <name>__TI_int30</name>
         <value>0xfffc</value>
         <object_component_ref idref="oc-81"/>
      </symbol>
      <symbol id="sm-257">
         <name>__TI_ISR_TRAP</name>
         <value>0x311c</value>
         <object_component_ref idref="oc-17d"/>
      </symbol>
      <symbol id="sm-260">
         <name>__mspabi_mpyi_hw</name>
         <value>0x13a32</value>
         <object_component_ref idref="oc-31c"/>
      </symbol>
      <symbol id="sm-26a">
         <name>__mspabi_mpyl_hw</name>
         <value>0x1388a</value>
         <object_component_ref idref="oc-509"/>
      </symbol>
      <symbol id="sm-27d">
         <name>_stack</name>
         <value>0x30b0</value>
         <object_component_ref idref="oc-161"/>
      </symbol>
      <symbol id="sm-27e">
         <name>_c_int00_noargs</name>
         <value>0x3100</value>
         <object_component_ref idref="oc-194"/>
      </symbol>
      <symbol id="sm-27f">
         <name>_reset_vector</name>
         <value>0xfffe</value>
         <object_component_ref idref="oc-164"/>
      </symbol>
      <symbol id="sm-2a2">
         <name>__TI_auto_init_nobinit_nopinit_hold_wdt</name>
         <value>0x1353a</value>
         <object_component_ref idref="oc-267"/>
      </symbol>
      <symbol id="sm-2b5">
         <name>__TI_zero_init</name>
         <value>0x139ba</value>
         <object_component_ref idref="oc-188"/>
      </symbol>
      <symbol id="sm-2c4">
         <name>__mspabi_srlll</name>
         <value>0x137ea</value>
         <object_component_ref idref="oc-424"/>
      </symbol>
      <symbol id="sm-2ce">
         <name>_system_pre_init</name>
         <value>0x13b44</value>
         <object_component_ref idref="oc-1d8"/>
      </symbol>
      <symbol id="sm-2d7">
         <name>_system_post_cinit</name>
         <value>0x13b4a</value>
         <object_component_ref idref="oc-2be"/>
      </symbol>
      <symbol id="sm-2e8">
         <name>__TI_decompress_none</name>
         <value>0x13aa0</value>
         <object_component_ref idref="oc-5d"/>
      </symbol>
      <symbol id="sm-30b">
         <name>__TI_decompress_lzss</name>
         <value>0x13348</value>
         <object_component_ref idref="oc-57"/>
      </symbol>
      <symbol id="sm-315">
         <name>C$$EXIT</name>
         <value>0x13b3a</value>
         <object_component_ref idref="oc-243"/>
      </symbol>
      <symbol id="sm-316">
         <name>abort</name>
         <value>0x13b3a</value>
         <object_component_ref idref="oc-243"/>
      </symbol>
      <symbol id="sm-32c">
         <name>_nop</name>
         <value>0x13b48</value>
         <object_component_ref idref="oc-2fd"/>
      </symbol>
      <symbol id="sm-32d">
         <name>_lock</name>
         <value>0x2fc8</value>
         <object_component_ref idref="oc-2b0"/>
      </symbol>
      <symbol id="sm-32e">
         <name>_unlock</name>
         <value>0x2fcc</value>
         <object_component_ref idref="oc-2b9"/>
      </symbol>
      <symbol id="sm-33d">
         <name>memcpy</name>
         <value>0x13a8c</value>
         <object_component_ref idref="oc-170"/>
      </symbol>
      <symbol id="sm-360">
         <name>printf</name>
         <value>0x1362a</value>
         <object_component_ref idref="oc-28b"/>
      </symbol>
      <symbol id="sm-36d">
         <name>strlen</name>
         <value>0x13b10</value>
         <object_component_ref idref="oc-33a"/>
      </symbol>
      <symbol id="sm-3a3">
         <name>__mspabi_divull</name>
         <value>0x10466</value>
         <object_component_ref idref="oc-414"/>
      </symbol>
      <symbol id="sm-57a">
         <name>__TI_printfi</name>
         <value>0x10a94</value>
         <object_component_ref idref="oc-2ee"/>
      </symbol>
      <symbol id="sm-58d">
         <name>atoi</name>
         <value>0x13424</value>
         <object_component_ref idref="oc-37e"/>
      </symbol>
      <symbol id="sm-597">
         <name>_ctypes_</name>
         <value>0x3124</value>
         <object_component_ref idref="oc-3bd"/>
      </symbol>
      <symbol id="sm-5a2">
         <name>_ftable</name>
         <value>0x2f00</value>
         <object_component_ref idref="oc-2df"/>
      </symbol>
      <symbol id="sm-5b1">
         <name>ltoa</name>
         <value>0x131d4</value>
         <object_component_ref idref="oc-496"/>
      </symbol>
      <symbol id="sm-5c0">
         <name>memccpy</name>
         <value>0x139de</value>
         <object_component_ref idref="oc-398"/>
      </symbol>
      <symbol id="sm-5ce">
         <name>memset</name>
         <value>0x13a4a</value>
         <object_component_ref idref="oc-384"/>
      </symbol>
      <symbol id="sm-5dd">
         <name>strchr</name>
         <value>0x139fc</value>
         <object_component_ref idref="oc-4d6"/>
      </symbol>
      <symbol id="sm-5ea">
         <name>toupper</name>
         <value>0x13ab2</value>
         <object_component_ref idref="oc-3d1"/>
      </symbol>
      <symbol id="sm-606">
         <name>frexpl</name>
         <value>0x12f70</value>
         <object_component_ref idref="oc-45b"/>
      </symbol>
      <symbol id="sm-607">
         <name>frexp</name>
         <value>0x12f70</value>
         <object_component_ref idref="oc-45b"/>
      </symbol>
      <symbol id="sm-620">
         <name>scalbn</name>
         <value>0x12610</value>
         <object_component_ref idref="oc-4d0"/>
      </symbol>
      <symbol id="sm-621">
         <name>scalbnl</name>
         <value>0x12610</value>
         <object_component_ref idref="oc-4d0"/>
      </symbol>
      <symbol id="sm-622">
         <name>ldexpl</name>
         <value>0x12610</value>
         <object_component_ref idref="oc-4d0"/>
      </symbol>
      <symbol id="sm-623">
         <name>ldexp</name>
         <value>0x12610</value>
         <object_component_ref idref="oc-4d0"/>
      </symbol>
      <symbol id="sm-62c">
         <name>copysign</name>
         <value>0x1391a</value>
         <object_component_ref idref="oc-51d"/>
      </symbol>
      <symbol id="sm-62d">
         <name>copysignl</name>
         <value>0x1391a</value>
         <object_component_ref idref="oc-51d"/>
      </symbol>
      <symbol id="sm-645">
         <name>wcslen</name>
         <value>0x13a76</value>
         <object_component_ref idref="oc-3a0"/>
      </symbol>
      <symbol id="sm-651">
         <name>__mspabi_remli</name>
         <value>0x136b6</value>
         <object_component_ref idref="oc-4ed"/>
      </symbol>
      <symbol id="sm-652">
         <name>__mspabi_divli</name>
         <value>0x136b6</value>
         <object_component_ref idref="oc-4ed"/>
      </symbol>
      <symbol id="sm-662">
         <name>__mspabi_srll_8</name>
         <value>0x1378e</value>
         <object_component_ref idref="oc-4f4"/>
      </symbol>
      <symbol id="sm-663">
         <name>__mspabi_srll_9</name>
         <value>0x1378a</value>
         <object_component_ref idref="oc-4f4"/>
      </symbol>
      <symbol id="sm-664">
         <name>__mspabi_srll_6</name>
         <value>0x13796</value>
         <object_component_ref idref="oc-4f4"/>
      </symbol>
      <symbol id="sm-665">
         <name>__mspabi_srll_7</name>
         <value>0x13792</value>
         <object_component_ref idref="oc-4f4"/>
      </symbol>
      <symbol id="sm-666">
         <name>__mspabi_srll_4</name>
         <value>0x1379e</value>
         <object_component_ref idref="oc-4f4"/>
      </symbol>
      <symbol id="sm-667">
         <name>__mspabi_srll_5</name>
         <value>0x1379a</value>
         <object_component_ref idref="oc-4f4"/>
      </symbol>
      <symbol id="sm-668">
         <name>__mspabi_srll_2</name>
         <value>0x137a6</value>
         <object_component_ref idref="oc-4f4"/>
      </symbol>
      <symbol id="sm-669">
         <name>__mspabi_srll_3</name>
         <value>0x137a2</value>
         <object_component_ref idref="oc-4f4"/>
      </symbol>
      <symbol id="sm-66a">
         <name>__mspabi_srll_1</name>
         <value>0x137aa</value>
         <object_component_ref idref="oc-4f4"/>
      </symbol>
      <symbol id="sm-66b">
         <name>__mspabi_srll_15</name>
         <value>0x13772</value>
         <object_component_ref idref="oc-4f4"/>
      </symbol>
      <symbol id="sm-66c">
         <name>__mspabi_srll_14</name>
         <value>0x13776</value>
         <object_component_ref idref="oc-4f4"/>
      </symbol>
      <symbol id="sm-66d">
         <name>__mspabi_srll_13</name>
         <value>0x1377a</value>
         <object_component_ref idref="oc-4f4"/>
      </symbol>
      <symbol id="sm-66e">
         <name>__mspabi_srll_12</name>
         <value>0x1377e</value>
         <object_component_ref idref="oc-4f4"/>
      </symbol>
      <symbol id="sm-66f">
         <name>__mspabi_srll_11</name>
         <value>0x13782</value>
         <object_component_ref idref="oc-4f4"/>
      </symbol>
      <symbol id="sm-670">
         <name>__mspabi_srll_10</name>
         <value>0x13786</value>
         <object_component_ref idref="oc-4f4"/>
      </symbol>
      <symbol id="sm-671">
         <name>__mspabi_srll</name>
         <value>0x13ae4</value>
         <object_component_ref idref="oc-484"/>
      </symbol>
      <symbol id="sm-67f">
         <name>__mspabi_sllll</name>
         <value>0x137b0</value>
         <object_component_ref idref="oc-47e"/>
      </symbol>
      <symbol id="sm-6a6">
         <name>__mspabi_addd</name>
         <value>0x107b4</value>
         <object_component_ref idref="oc-4fb"/>
      </symbol>
      <symbol id="sm-6c0">
         <name>__mspabi_cmpd</name>
         <value>0x12bd0</value>
         <object_component_ref idref="oc-3f5"/>
      </symbol>
      <symbol id="sm-6e1">
         <name>__mspabi_divd</name>
         <value>0x11906</value>
         <object_component_ref idref="oc-454"/>
      </symbol>
      <symbol id="sm-6ee">
         <name>__mspabi_fixdi</name>
         <value>0x13948</value>
         <object_component_ref idref="oc-4a8"/>
      </symbol>
      <symbol id="sm-6fd">
         <name>__mspabi_fixdli</name>
         <value>0x133be</value>
         <object_component_ref idref="oc-490"/>
      </symbol>
      <symbol id="sm-706">
         <name>__mspabi_fltid</name>
         <value>0x13b1e</value>
         <object_component_ref idref="oc-4dc"/>
      </symbol>
      <symbol id="sm-71e">
         <name>__mspabi_fltlid</name>
         <value>0x13016</value>
         <object_component_ref idref="oc-49c"/>
      </symbol>
      <symbol id="sm-73f">
         <name>__TI_frcaddd</name>
         <value>0x1149a</value>
         <object_component_ref idref="oc-52f"/>
      </symbol>
      <symbol id="sm-75a">
         <name>__TI_frcdivd</name>
         <value>0x10000</value>
         <object_component_ref idref="oc-4c1"/>
      </symbol>
      <symbol id="sm-77b">
         <name>__mspabi_mpyd</name>
         <value>0x11234</value>
         <object_component_ref idref="oc-44e"/>
      </symbol>
      <symbol id="sm-784">
         <name>__mspabi_negd</name>
         <value>0x138ec</value>
         <object_component_ref idref="oc-3d7"/>
      </symbol>
      <symbol id="sm-798">
         <name>__TI_renormd</name>
         <value>0x12d70</value>
         <object_component_ref idref="oc-54c"/>
      </symbol>
      <symbol id="sm-7a1">
         <name>__mspabi_subd</name>
         <value>0x13858</value>
         <object_component_ref idref="oc-4a2"/>
      </symbol>
      <symbol id="sm-7ab">
         <name>abs</name>
         <value>0x13b2a</value>
         <object_component_ref idref="oc-4af"/>
      </symbol>
      <symbol id="sm-7b2">
         <name>errno</name>
         <value>0x2fd2</value>
         <object_component_ref idref="oc-3a6"/>
      </symbol>
      <symbol id="sm-7c2">
         <name>__mspabi_sral</name>
         <value>0x13ac4</value>
         <object_component_ref idref="oc-547"/>
      </symbol>
      <symbol id="sm-7c3">
         <name>__mspabi_sral_15</name>
         <value>0x136f6</value>
         <object_component_ref idref="oc-504"/>
      </symbol>
      <symbol id="sm-7c4">
         <name>__mspabi_sral_14</name>
         <value>0x136fa</value>
         <object_component_ref idref="oc-504"/>
      </symbol>
      <symbol id="sm-7c5">
         <name>__mspabi_sral_13</name>
         <value>0x136fe</value>
         <object_component_ref idref="oc-504"/>
      </symbol>
      <symbol id="sm-7c6">
         <name>__mspabi_sral_12</name>
         <value>0x13702</value>
         <object_component_ref idref="oc-504"/>
      </symbol>
      <symbol id="sm-7c7">
         <name>__mspabi_sral_11</name>
         <value>0x13706</value>
         <object_component_ref idref="oc-504"/>
      </symbol>
      <symbol id="sm-7c8">
         <name>__mspabi_sral_10</name>
         <value>0x1370a</value>
         <object_component_ref idref="oc-504"/>
      </symbol>
      <symbol id="sm-7c9">
         <name>__mspabi_sral_8</name>
         <value>0x13712</value>
         <object_component_ref idref="oc-504"/>
      </symbol>
      <symbol id="sm-7ca">
         <name>__mspabi_sral_9</name>
         <value>0x1370e</value>
         <object_component_ref idref="oc-504"/>
      </symbol>
      <symbol id="sm-7cb">
         <name>__mspabi_sral_6</name>
         <value>0x1371a</value>
         <object_component_ref idref="oc-504"/>
      </symbol>
      <symbol id="sm-7cc">
         <name>__mspabi_sral_7</name>
         <value>0x13716</value>
         <object_component_ref idref="oc-504"/>
      </symbol>
      <symbol id="sm-7cd">
         <name>__mspabi_sral_4</name>
         <value>0x13722</value>
         <object_component_ref idref="oc-504"/>
      </symbol>
      <symbol id="sm-7ce">
         <name>__mspabi_sral_5</name>
         <value>0x1371e</value>
         <object_component_ref idref="oc-504"/>
      </symbol>
      <symbol id="sm-7cf">
         <name>__mspabi_sral_2</name>
         <value>0x1372a</value>
         <object_component_ref idref="oc-504"/>
      </symbol>
      <symbol id="sm-7d0">
         <name>__mspabi_sral_3</name>
         <value>0x13726</value>
         <object_component_ref idref="oc-504"/>
      </symbol>
      <symbol id="sm-7d1">
         <name>__mspabi_sral_1</name>
         <value>0x1372e</value>
         <object_component_ref idref="oc-504"/>
      </symbol>
      <symbol id="sm-7e1">
         <name>__mspabi_slll_9</name>
         <value>0x1374c</value>
         <object_component_ref idref="oc-4e7"/>
      </symbol>
      <symbol id="sm-7e2">
         <name>__mspabi_slll_8</name>
         <value>0x13750</value>
         <object_component_ref idref="oc-4e7"/>
      </symbol>
      <symbol id="sm-7e3">
         <name>__mspabi_slll_7</name>
         <value>0x13754</value>
         <object_component_ref idref="oc-4e7"/>
      </symbol>
      <symbol id="sm-7e4">
         <name>__mspabi_slll_6</name>
         <value>0x13758</value>
         <object_component_ref idref="oc-4e7"/>
      </symbol>
      <symbol id="sm-7e5">
         <name>__mspabi_slll_5</name>
         <value>0x1375c</value>
         <object_component_ref idref="oc-4e7"/>
      </symbol>
      <symbol id="sm-7e6">
         <name>__mspabi_slll_4</name>
         <value>0x13760</value>
         <object_component_ref idref="oc-4e7"/>
      </symbol>
      <symbol id="sm-7e7">
         <name>__mspabi_slll_3</name>
         <value>0x13764</value>
         <object_component_ref idref="oc-4e7"/>
      </symbol>
      <symbol id="sm-7e8">
         <name>__mspabi_slll_2</name>
         <value>0x13768</value>
         <object_component_ref idref="oc-4e7"/>
      </symbol>
      <symbol id="sm-7e9">
         <name>__mspabi_slll_1</name>
         <value>0x1376c</value>
         <object_component_ref idref="oc-4e7"/>
      </symbol>
      <symbol id="sm-7ea">
         <name>__mspabi_slll</name>
         <value>0x13ad4</value>
         <object_component_ref idref="oc-542"/>
      </symbol>
      <symbol id="sm-7eb">
         <name>__mspabi_slll_15</name>
         <value>0x13734</value>
         <object_component_ref idref="oc-4e7"/>
      </symbol>
      <symbol id="sm-7ec">
         <name>__mspabi_slll_14</name>
         <value>0x13738</value>
         <object_component_ref idref="oc-4e7"/>
      </symbol>
      <symbol id="sm-7ed">
         <name>__mspabi_slll_13</name>
         <value>0x1373c</value>
         <object_component_ref idref="oc-4e7"/>
      </symbol>
      <symbol id="sm-7ee">
         <name>__mspabi_slll_12</name>
         <value>0x13740</value>
         <object_component_ref idref="oc-4e7"/>
      </symbol>
      <symbol id="sm-7ef">
         <name>__mspabi_slll_11</name>
         <value>0x13744</value>
         <object_component_ref idref="oc-4e7"/>
      </symbol>
      <symbol id="sm-7f0">
         <name>__mspabi_slll_10</name>
         <value>0x13748</value>
         <object_component_ref idref="oc-4e7"/>
      </symbol>
      <symbol id="sm-800">
         <name>__TI_frcmpyd</name>
         <value>0x10d3a</value>
         <object_component_ref idref="oc-4b9"/>
      </symbol>
   </symbol_table>
   <title>Link successful</title>
</link_info>
